// Jest Snapshot v1, https://goo.gl/fbAQLP

exports[`<Counter/> snapshot test Renders correctly (Down) 1`] = `"<Counter/>"`;

exports[`<Counter/> snapshot test Renders correctly (Up) 1`] = `"<Counter/>"`;

exports[`<Counter/> snapshot test Renders correctly 1`] = `"<Counter/>"`;
